cscope 15 $HOME/Development/code/C/main/httpd/test               0000029267
	@request_tests.c

1 
	~<cgªí/cgªí.h
>

2 
	~"../ö˛ude/ªque°.h
"

5 
	$ã°_Áke_ã°
()

7 
	`as£π_equÆ
(1, 1);

9 
	}
}

12 
	$ã°_gë_ªque°_mëhod_£ts_c‹ª˘_Êags
()

14 
Êags
 = 0, 
ex≥˘ed_Êags
;

21 
ex≥˘ed_Êags
 = (1 << 1);

22 
Êags
 = 
	`gë_ªque°_mëhod
("GET / HTTP/1.1");

23 
	`as£π_equÆ
(
Êags
, 
ex≥˘ed_Êags
);

31 
ex≥˘ed_Êags
 = (1 << 2);

32 
	`as£π_equÆ
(
Êags
, 
ex≥˘ed_Êags
);

34 
	}
}

36 
Te°Suôe


37 *
	$ªque°_ã°s
()

39 
Te°Suôe
 *
suôe
 = 
	`¸óã_ã°_suôe
();

41 
	`add_ã°
(
suôe
, 
ã°_Áke_ã°
);

42 
	`add_ã°
(
suôe
, 
ã°_gë_ªque°_mëhod_£ts_c‹ª˘_Êags
);

44  
suôe
;

45 
	}
}

	@test_runner.c

1 
	~<cgªí/cgªí.h
>

2 
	~"ªque°_ã°s.c
"

4 
Te°Suôe
 *
ªque°_ã°s
();

7 
	$maö
()

9 
Te°Suôe
 *
suôe
 = 
	`¸óã_ã°_suôe
();

11 
	`add_suôe
(
suôe
, 
	`ªque°_ã°s
());

13  
	`run_ã°_suôe
(
suôe
, 
	`¸óã_ãxt_ªp‹ãr
());

14 
	}
}

	@../include/request.h

1 
	~<¨∑/öë.h
>

3 #i‚de‡
REQUEST_H


4 
	#REQUEST_H
 1

	)

6 
	shâp_vîsi⁄
 {

7 
	mmaj‹
;

8 
	mmö‹
;

11 
h™dÀ_ªque°
(, 
sockaddr_ö
 *);

12 
gë_ªque°_mëhod
(*);

13 * 
gë_ªque°_uri
(*);

14 
hâp_vîsi⁄
 
gë_ªque°_vîsi⁄
(*);

	@/usr/include/arpa/inet.h

19 #i‚de‡
_ARPA_INET_H


20 
	#_ARPA_INET_H
 1

	)

22 
	~<„©uªs.h
>

23 
	~<√töë/ö.h
>

26 #i‚de‡
__sockÀn_t_deföed


27 
__sockÀn_t
 
	tsockÀn_t
;

28 
	#__sockÀn_t_deföed


	)

31 
__BEGIN_DECLS


35 
ö_addr_t
 
	$öë_addr
 (
__c⁄°
 *
__˝
Ë
__THROW
;

38 
ö_addr_t
 
	$öë_ aof
 (
ö_addr
 
__ö
Ë
__THROW
;

42 
ö_addr
 
	$öë_makóddr
 (
ö_addr_t
 
__√t
, in_addr_à
__ho°
)

43 
__THROW
;

46 
ö_addr_t
 
	$öë_√tof
 (
ö_addr
 
__ö
Ë
__THROW
;

50 
ö_addr_t
 
	$öë_√tw‹k
 (
__c⁄°
 *
__˝
Ë
__THROW
;

54 *
	$öë_¡ﬂ
 (
ö_addr
 
__ö
Ë
__THROW
;

59 
	$öë_±⁄
 (
__af
, 
__c⁄°
 *
__ª°ri˘
 
__˝
,

60 *
__ª°ri˘
 
__buf
Ë
__THROW
;

65 
__c⁄°
 *
	$öë_¡›
 (
__af
, 
__c⁄°
 *
__ª°ri˘
 
__˝
,

66 *
__ª°ri˘
 
__buf
, 
sockÀn_t
 
__Àn
)

67 
__THROW
;

71 #ifde‡
__USE_MISC


74 
	$öë_©⁄
 (
__c⁄°
 *
__˝
, 
ö_addr
 *
__öp
Ë
__THROW
;

78 *
	$öë_√è
 (
ö_addr_t
 
__√t
, *
__buf
, 
size_t
 
__Àn
Ë
__THROW
;

83 *
	$öë_√t_¡›
 (
__af
, 
__c⁄°
 *
__˝
, 
__bôs
,

84 *
__buf
, 
size_t
 
__Àn
Ë
__THROW
;

89 
	$öë_√t_±⁄
 (
__af
, 
__c⁄°
 *
__˝
,

90 *
__buf
, 
size_t
 
__Àn
Ë
__THROW
;

95 
	$öë_nßp_addr
 (
__c⁄°
 *
__˝
,

96 *
__buf
, 
__Àn
Ë
__THROW
;

100 *
	$öë_nßp_¡ﬂ
 (
__Àn
, 
__c⁄°
 *
__˝
,

101 *
__buf
Ë
__THROW
;

104 
__END_DECLS


	@/usr/include/features.h

20 #i‚def 
_FEATURES_H


21 
	#_FEATURES_H
 1

	)

97 #unde‡
__USE_ISOC99


98 #unde‡
__USE_ISOC95


99 #unde‡
__USE_POSIX


100 #unde‡
__USE_POSIX2


101 #unde‡
__USE_POSIX199309


102 #unde‡
__USE_POSIX199506


103 #unde‡
__USE_XOPEN


104 #unde‡
__USE_XOPEN_EXTENDED


105 #unde‡
__USE_UNIX98


106 #unde‡
__USE_XOPEN2K


107 #unde‡
__USE_XOPEN2KXSI


108 #unde‡
__USE_XOPEN2K8


109 #unde‡
__USE_XOPEN2K8XSI


110 #unde‡
__USE_LARGEFILE


111 #unde‡
__USE_LARGEFILE64


112 #unde‡
__USE_FILE_OFFSET64


113 #unde‡
__USE_BSD


114 #unde‡
__USE_SVID


115 #unde‡
__USE_MISC


116 #unde‡
__USE_ATFILE


117 #unde‡
__USE_GNU


118 #unde‡
__USE_REENTRANT


119 #unde‡
__USE_FORTIFY_LEVEL


120 #unde‡
__FAVOR_BSD


121 #unde‡
__KERNEL_STRICT_NAMES


125 #i‚de‡
_LOOSE_KERNEL_NAMES


126 
	#__KERNEL_STRICT_NAMES


	)

130 
	#__USE_ANSI
 1

	)

139 #i‡
deföed
 
__GNUC__
 && deföed 
__GNUC_MINOR__


140 
	#__GNUC_PREREQ
(
maj
, 
mö
) \

141 ((
__GNUC__
 << 16Ë+ 
__GNUC_MINOR__
 >((
maj
Ë<< 16Ë+ (
mö
))

	)

143 
	#__GNUC_PREREQ
(
maj
, 
mö
Ë0

	)

148 #i‡
deföed
 
_BSD_SOURCE
 && \

149 !(
deföed
 
	g_POSIX_SOURCE
 || deföed 
	g_POSIX_C_SOURCE
 || \

150 
deföed
 
	g_XOPEN_SOURCE
 || deföed 
	g_GNU_SOURCE
 || deföed 
	g_SVID_SOURCE
)

151 
	#__FAVOR_BSD
 1

	)

155 #ifde‡
_GNU_SOURCE


156 #unde‡
_ISOC95_SOURCE


157 
	#_ISOC95_SOURCE
 1

	)

158 #unde‡
_ISOC99_SOURCE


159 
	#_ISOC99_SOURCE
 1

	)

160 #unde‡
_POSIX_SOURCE


161 
	#_POSIX_SOURCE
 1

	)

162 #unde‡
_POSIX_C_SOURCE


163 
	#_POSIX_C_SOURCE
 200809L

	)

164 #unde‡
_XOPEN_SOURCE


165 
	#_XOPEN_SOURCE
 700

	)

166 #unde‡
_XOPEN_SOURCE_EXTENDED


167 
	#_XOPEN_SOURCE_EXTENDED
 1

	)

168 #unde‡
_LARGEFILE64_SOURCE


169 
	#_LARGEFILE64_SOURCE
 1

	)

170 #unde‡
_BSD_SOURCE


171 
	#_BSD_SOURCE
 1

	)

172 #unde‡
_SVID_SOURCE


173 
	#_SVID_SOURCE
 1

	)

174 #unde‡
_ATFILE_SOURCE


175 
	#_ATFILE_SOURCE
 1

	)

180 #i‡(!
deföed
 
__STRICT_ANSI__
 && !deföed 
_ISOC99_SOURCE
 && \

181 !
deföed
 
	g_POSIX_SOURCE
 && !deföed 
	g_POSIX_C_SOURCE
 && \

182 !
deföed
 
	g_XOPEN_SOURCE
 && !deföed 
	g_BSD_SOURCE
 && !deföed 
	g_SVID_SOURCE
)

183 
	#_BSD_SOURCE
 1

	)

184 
	#_SVID_SOURCE
 1

	)

191 #i‡(
deföed
 
_ISOC99_SOURCE
 || deföed 
_ISOC9X_SOURCE
 \

192 || (
deföed
 
	g__STDC_VERSION__
 && __STDC_VERSION__ >= 199901L))

193 
	#__USE_ISOC99
 1

	)

197 #i‡(
deföed
 
_ISOC99_SOURCE
 || deföed 
_ISOC9X_SOURCE
 \

198 || (
deföed
 
__STDC_VERSION__
 && __STDC_VERSION__ >= 199409L))

199 
	#__USE_ISOC95
 1

	)

204 #i‡((!
deföed
 
__STRICT_ANSI__
 || (
_XOPEN_SOURCE
 - 0) >= 500) && \

205 !
deföed
 
_POSIX_SOURCE
 && !deföed 
_POSIX_C_SOURCE
)

206 
	#_POSIX_SOURCE
 1

	)

207 #i‡
deföed
 
_XOPEN_SOURCE
 && (_XOPEN_SOURCE - 0) < 500

208 
	#_POSIX_C_SOURCE
 2

	)

209 #ñi‡
deföed
 
_XOPEN_SOURCE
 && (_XOPEN_SOURCE - 0) < 600

210 
	#_POSIX_C_SOURCE
 199506L

	)

211 #ñi‡
deföed
 
_XOPEN_SOURCE
 && (_XOPEN_SOURCE - 0) < 700

212 
	#_POSIX_C_SOURCE
 200112L

	)

214 
	#_POSIX_C_SOURCE
 200809L

	)

216 
	#__USE_POSIX_IMPLICITLY
 1

	)

219 #i‡
deföed
 
_POSIX_SOURCE
 || 
_POSIX_C_SOURCE
 >1 || deföed 
_XOPEN_SOURCE


220 
	#__USE_POSIX
 1

	)

223 #i‡
deföed
 
_POSIX_C_SOURCE
 && _POSIX_C_SOURCE >2 || deföed 
_XOPEN_SOURCE


224 
	#__USE_POSIX2
 1

	)

227 #i‡(
_POSIX_C_SOURCE
 - 0) >= 199309L

228 
	#__USE_POSIX199309
 1

	)

231 #i‡(
_POSIX_C_SOURCE
 - 0) >= 199506L

232 
	#__USE_POSIX199506
 1

	)

235 #i‡(
_POSIX_C_SOURCE
 - 0) >= 200112L

236 
	#__USE_XOPEN2K
 1

	)

237 #unde‡
__USE_ISOC95


238 
	#__USE_ISOC95
 1

	)

239 #unde‡
__USE_ISOC99


240 
	#__USE_ISOC99
 1

	)

243 #i‡(
_POSIX_C_SOURCE
 - 0) >= 200809L

244 
	#__USE_XOPEN2K8
 1

	)

245 #unde‡
_ATFILE_SOURCE


246 
	#_ATFILE_SOURCE
 1

	)

249 #ifdef 
_XOPEN_SOURCE


250 
	#__USE_XOPEN
 1

	)

251 #i‡(
_XOPEN_SOURCE
 - 0) >= 500

252 
	#__USE_XOPEN_EXTENDED
 1

	)

253 
	#__USE_UNIX98
 1

	)

254 #unde‡
_LARGEFILE_SOURCE


255 
	#_LARGEFILE_SOURCE
 1

	)

256 #i‡(
_XOPEN_SOURCE
 - 0) >= 600

257 #i‡(
_XOPEN_SOURCE
 - 0) >= 700

258 
	#__USE_XOPEN2K8
 1

	)

259 
	#__USE_XOPEN2K8XSI
 1

	)

261 
	#__USE_XOPEN2K
 1

	)

262 
	#__USE_XOPEN2KXSI
 1

	)

263 #unde‡
__USE_ISOC95


264 
	#__USE_ISOC95
 1

	)

265 #unde‡
__USE_ISOC99


266 
	#__USE_ISOC99
 1

	)

269 #ifde‡
_XOPEN_SOURCE_EXTENDED


270 
	#__USE_XOPEN_EXTENDED
 1

	)

275 #ifde‡
_LARGEFILE_SOURCE


276 
	#__USE_LARGEFILE
 1

	)

279 #ifde‡
_LARGEFILE64_SOURCE


280 
	#__USE_LARGEFILE64
 1

	)

283 #i‡
deföed
 
_FILE_OFFSET_BITS
 && _FILE_OFFSET_BITS == 64

284 
	#__USE_FILE_OFFSET64
 1

	)

287 #i‡
deföed
 
_BSD_SOURCE
 || deföed 
_SVID_SOURCE


288 
	#__USE_MISC
 1

	)

291 #ifdef 
_BSD_SOURCE


292 
	#__USE_BSD
 1

	)

295 #ifdef 
_SVID_SOURCE


296 
	#__USE_SVID
 1

	)

299 #ifdef 
_ATFILE_SOURCE


300 
	#__USE_ATFILE
 1

	)

303 #ifdef 
_GNU_SOURCE


304 
	#__USE_GNU
 1

	)

307 #i‡
deföed
 
_REENTRANT
 || deföed 
_THREAD_SAFE


308 
	#__USE_REENTRANT
 1

	)

311 #i‡
deföed
 
_FORTIFY_SOURCE
 && _FORTIFY_SOURCE > 0 \

312 && 
__GNUC_PREREQ
 (4, 1Ë&& 
deföed
 
	g__OPTIMIZE__
 && __OPTIMIZE__ > 0

313 #i‡
_FORTIFY_SOURCE
 > 1

314 
	#__USE_FORTIFY_LEVEL
 2

	)

316 
	#__USE_FORTIFY_LEVEL
 1

	)

319 
	#__USE_FORTIFY_LEVEL
 0

	)

323 
	~<bôs/¥edefs.h
>

326 
	#__STDC_ISO_10646__
 200009L

	)

334 #unde‡
__GNU_LIBRARY__


335 
	#__GNU_LIBRARY__
 6

	)

339 
	#__GLIBC__
 2

	)

340 
	#__GLIBC_MINOR__
 13

	)

342 
	#__GLIBC_PREREQ
(
maj
, 
mö
) \

343 ((
__GLIBC__
 << 16Ë+ 
__GLIBC_MINOR__
 >((
maj
Ë<< 16Ë+ (
mö
))

	)

346 #i‡
deföed
 
__GNUC__
 \

347 || (
deföed
 
	g__PGI
 && deföed 
	g__i386__
 ) \

348 || (
deföed
 
	g__INTEL_COMPILER
 && (deföed 
	g__i386__
 || deföed 
	g__ü64__
)) \

349 || (
deföed
 
	g__STDC_VERSION__
 && __STDC_VERSION__ >= 199901L)

350 
	#__GLIBC_HAVE_LONG_LONG
 1

	)

354 #i‚de‡
__ASSEMBLER__


355 #i‚de‡
_SYS_CDEFS_H


356 
	~<sys/cdefs.h
>

361 #i‡
deföed
 
__USE_FILE_OFFSET64
 && !deföed 
__REDIRECT


362 
	#__USE_LARGEFILE
 1

	)

363 
	#__USE_LARGEFILE64
 1

	)

369 #i‡
__GNUC_PREREQ
 (2, 7Ë&& 
deföed
 
__OPTIMIZE__
 \

370 && !
deföed
 
	g__OPTIMIZE_SIZE__
 && !deföed 
	g__NO_INLINE__
 \

371 && 
deföed
 
	g__exã∫_ölöe


372 
	#__USE_EXTERN_INLINES
 1

	)

377 #i‡
__GNUC_PREREQ
 (2, 7Ë&& 
deföed
 
__OPTIMIZE__
 \

378 && (
deföed
 
	g_LIBC
 || !deföed 
	g__OPTIMIZE_SIZE__
Ë&& !deföed 
	g__NO_INLINE__
 \

379 && 
deföed
 
	g__exã∫_ölöe


380 
	#__USE_EXTERN_INLINES_IN_LIBC
 1

	)

388 
	~<gnu/°ubs.h
>

	@/usr/include/netinet/in.h

20 #i‚def 
_NETINET_IN_H


21 
	#_NETINET_IN_H
 1

	)

23 
	~<„©uªs.h
>

24 
	~<°döt.h
>

25 
	~<sys/sockë.h
>

26 
	~<bôs/ty≥s.h
>

29 
__BEGIN_DECLS


34 
	mIPPROTO_IP
 = 0,

35 
	#IPPROTO_IP
 
IPPROTO_IP


	)

36 
	mIPPROTO_HOPOPTS
 = 0,

37 
	#IPPROTO_HOPOPTS
 
IPPROTO_HOPOPTS


	)

38 
	mIPPROTO_ICMP
 = 1,

39 
	#IPPROTO_ICMP
 
IPPROTO_ICMP


	)

40 
	mIPPROTO_IGMP
 = 2,

41 
	#IPPROTO_IGMP
 
IPPROTO_IGMP


	)

42 
	mIPPROTO_IPIP
 = 4,

43 
	#IPPROTO_IPIP
 
IPPROTO_IPIP


	)

44 
	mIPPROTO_TCP
 = 6,

45 
	#IPPROTO_TCP
 
IPPROTO_TCP


	)

46 
	mIPPROTO_EGP
 = 8,

47 
	#IPPROTO_EGP
 
IPPROTO_EGP


	)

48 
	mIPPROTO_PUP
 = 12,

49 
	#IPPROTO_PUP
 
IPPROTO_PUP


	)

50 
	mIPPROTO_UDP
 = 17,

51 
	#IPPROTO_UDP
 
IPPROTO_UDP


	)

52 
	mIPPROTO_IDP
 = 22,

53 
	#IPPROTO_IDP
 
IPPROTO_IDP


	)

54 
	mIPPROTO_TP
 = 29,

55 
	#IPPROTO_TP
 
IPPROTO_TP


	)

56 
	mIPPROTO_DCCP
 = 33,

57 
	#IPPROTO_DCCP
 
IPPROTO_DCCP


	)

58 
	mIPPROTO_IPV6
 = 41,

59 
	#IPPROTO_IPV6
 
IPPROTO_IPV6


	)

60 
	mIPPROTO_ROUTING
 = 43,

61 
	#IPPROTO_ROUTING
 
IPPROTO_ROUTING


	)

62 
	mIPPROTO_FRAGMENT
 = 44,

63 
	#IPPROTO_FRAGMENT
 
IPPROTO_FRAGMENT


	)

64 
	mIPPROTO_RSVP
 = 46,

65 
	#IPPROTO_RSVP
 
IPPROTO_RSVP


	)

66 
	mIPPROTO_GRE
 = 47,

67 
	#IPPROTO_GRE
 
IPPROTO_GRE


	)

68 
	mIPPROTO_ESP
 = 50,

69 
	#IPPROTO_ESP
 
IPPROTO_ESP


	)

70 
	mIPPROTO_AH
 = 51,

71 
	#IPPROTO_AH
 
IPPROTO_AH


	)

72 
	mIPPROTO_ICMPV6
 = 58,

73 
	#IPPROTO_ICMPV6
 
IPPROTO_ICMPV6


	)

74 
	mIPPROTO_NONE
 = 59,

75 
	#IPPROTO_NONE
 
IPPROTO_NONE


	)

76 
	mIPPROTO_DSTOPTS
 = 60,

77 
	#IPPROTO_DSTOPTS
 
IPPROTO_DSTOPTS


	)

78 
	mIPPROTO_MTP
 = 92,

79 
	#IPPROTO_MTP
 
IPPROTO_MTP


	)

80 
	mIPPROTO_ENCAP
 = 98,

81 
	#IPPROTO_ENCAP
 
IPPROTO_ENCAP


	)

82 
	mIPPROTO_PIM
 = 103,

83 
	#IPPROTO_PIM
 
IPPROTO_PIM


	)

84 
	mIPPROTO_COMP
 = 108,

85 
	#IPPROTO_COMP
 
IPPROTO_COMP


	)

86 
	mIPPROTO_SCTP
 = 132,

87 
	#IPPROTO_SCTP
 
IPPROTO_SCTP


	)

88 
	mIPPROTO_UDPLITE
 = 136,

89 
	#IPPROTO_UDPLITE
 
IPPROTO_UDPLITE


	)

90 
	mIPPROTO_RAW
 = 255,

91 
	#IPPROTO_RAW
 
IPPROTO_RAW


	)

92 
	mIPPROTO_MAX


97 
uöt16_t
 
	tö_p‹t_t
;

102 
	mIPPORT_ECHO
 = 7,

103 
	mIPPORT_DISCARD
 = 9,

104 
	mIPPORT_SYSTAT
 = 11,

105 
	mIPPORT_DAYTIME
 = 13,

106 
	mIPPORT_NETSTAT
 = 15,

107 
	mIPPORT_FTP
 = 21,

108 
	mIPPORT_TELNET
 = 23,

109 
	mIPPORT_SMTP
 = 25,

110 
	mIPPORT_TIMESERVER
 = 37,

111 
	mIPPORT_NAMESERVER
 = 42,

112 
	mIPPORT_WHOIS
 = 43,

113 
	mIPPORT_MTP
 = 57,

115 
	mIPPORT_TFTP
 = 69,

116 
	mIPPORT_RJE
 = 77,

117 
	mIPPORT_FINGER
 = 79,

118 
	mIPPORT_TTYLINK
 = 87,

119 
	mIPPORT_SUPDUP
 = 95,

122 
	mIPPORT_EXECSERVER
 = 512,

123 
	mIPPORT_LOGINSERVER
 = 513,

124 
	mIPPORT_CMDSERVER
 = 514,

125 
	mIPPORT_EFSSERVER
 = 520,

128 
	mIPPORT_BIFFUDP
 = 512,

129 
	mIPPORT_WHOSERVER
 = 513,

130 
	mIPPORT_ROUTESERVER
 = 520,

133 
	mIPPORT_RESERVED
 = 1024,

136 
	mIPPORT_USERRESERVED
 = 5000

141 
uöt32_t
 
	tö_addr_t
;

142 
	sö_addr


144 
ö_addr_t
 
	ms_addr
;

153 
	#IN_CLASSA
(
a
Ë((((
ö_addr_t
)◊)Ë& 0x80000000Ë=0)

	)

154 
	#IN_CLASSA_NET
 0xff000000

	)

155 
	#IN_CLASSA_NSHIFT
 24

	)

156 
	#IN_CLASSA_HOST
 (0xfffffff‡& ~
IN_CLASSA_NET
)

	)

157 
	#IN_CLASSA_MAX
 128

	)

159 
	#IN_CLASSB
(
a
Ë((((
ö_addr_t
)◊)Ë& 0xc0000000Ë=0x80000000)

	)

160 
	#IN_CLASSB_NET
 0xffff0000

	)

161 
	#IN_CLASSB_NSHIFT
 16

	)

162 
	#IN_CLASSB_HOST
 (0xfffffff‡& ~
IN_CLASSB_NET
)

	)

163 
	#IN_CLASSB_MAX
 65536

	)

165 
	#IN_CLASSC
(
a
Ë((((
ö_addr_t
)◊)Ë& 0xe0000000Ë=0xc0000000)

	)

166 
	#IN_CLASSC_NET
 0xffffff00

	)

167 
	#IN_CLASSC_NSHIFT
 8

	)

168 
	#IN_CLASSC_HOST
 (0xfffffff‡& ~
IN_CLASSC_NET
)

	)

170 
	#IN_CLASSD
(
a
Ë((((
ö_addr_t
)◊)Ë& 0xf0000000Ë=0xe0000000)

	)

171 
	#IN_MULTICAST
(
a
Ë
	`IN_CLASSD
◊)

	)

173 
	#IN_EXPERIMENTAL
(
a
Ë((((
ö_addr_t
)◊)Ë& 0xe0000000Ë=0xe0000000)

	)

174 
	#IN_BADCLASS
(
a
Ë((((
ö_addr_t
)◊)Ë& 0xf0000000Ë=0xf0000000)

	)

177 
	#INADDR_ANY
 ((
ö_addr_t
Ë0x00000000)

	)

179 
	#INADDR_BROADCAST
 ((
ö_addr_t
Ë0xffffffff)

	)

181 
	#INADDR_NONE
 ((
ö_addr_t
Ë0xffffffff)

	)

184 
	#IN_LOOPBACKNET
 127

	)

186 #i‚de‡
INADDR_LOOPBACK


187 
	#INADDR_LOOPBACK
 ((
ö_addr_t
Ë0x7f000001Ë

	)

191 
	#INADDR_UNSPEC_GROUP
 ((
ö_addr_t
Ë0xe0000000Ë

	)

192 
	#INADDR_ALLHOSTS_GROUP
 ((
ö_addr_t
Ë0xe0000001Ë

	)

193 
	#INADDR_ALLRTRS_GROUP
 ((
ö_addr_t
Ë0xe0000002Ë

	)

194 
	#INADDR_MAX_LOCAL_GROUP
 ((
ö_addr_t
Ë0xe00000ffË

	)

198 
	sö6_addr


202 
uöt8_t
 
	m__u6_addr8
[16];

203 #i‡
deföed
 
__USE_MISC
 || deföed 
__USE_GNU


204 
uöt16_t
 
	m__u6_addr16
[8];

205 
uöt32_t
 
	m__u6_addr32
[4];

207 } 
	m__ö6_u
;

208 
	#s6_addr
 
__ö6_u
.
__u6_addr8


	)

209 #i‡
deföed
 
__USE_MISC
 || deföed 
__USE_GNU


210 
	#s6_addr16
 
__ö6_u
.
__u6_addr16


	)

211 
	#s6_addr32
 
__ö6_u
.
__u6_addr32


	)

215 c⁄° 
ö6_addr
 
ö6addr_™y
;

216 c⁄° 
ö6_addr
 
ö6addr_lo›back
;

217 
	#IN6ADDR_ANY_INIT
 { { { 0,0,0,0,0,0,0,0,0,0,0,0,0,0,0,0 } } }

	)

218 
	#IN6ADDR_LOOPBACK_INIT
 { { { 0,0,0,0,0,0,0,0,0,0,0,0,0,0,0,1 } } }

	)

220 
	#INET_ADDRSTRLEN
 16

	)

221 
	#INET6_ADDRSTRLEN
 46

	)

225 
	ssockaddr_ö


227 
__SOCKADDR_COMMON
 (
sö_
);

228 
ö_p‹t_t
 
	msö_p‹t
;

229 
ö_addr
 
	msö_addr
;

232 
	msö_zîo
[ (
sockaddr
) -

233 
__SOCKADDR_COMMON_SIZE
 -

234  (
ö_p‹t_t
) -

235  (
ö_addr
)];

239 
	ssockaddr_ö6


241 
__SOCKADDR_COMMON
 (
sö6_
);

242 
ö_p‹t_t
 
	msö6_p‹t
;

243 
uöt32_t
 
	msö6_Êowöfo
;

244 
ö6_addr
 
	msö6_addr
;

245 
uöt32_t
 
	msö6_sc›e_id
;

249 #i‡
deföed
 
__USE_MISC
 || deföed 
__USE_GNU


251 
	sù_mªq


254 
ö_addr
 
	mimr_mu…üddr
;

257 
ö_addr
 
	mimr_öãrÁ˚
;

260 
	sù_mªq_sour˚


263 
ö_addr
 
	mimr_mu…üddr
;

266 
ö_addr
 
	mimr_öãrÁ˚
;

269 
ö_addr
 
	mimr_sour˚addr
;

275 
	sùv6_mªq


278 
ö6_addr
 
	mùv6mr_mu…üddr
;

281 
	mùv6mr_öãrÁ˚
;

285 #i‡
deföed
 
__USE_MISC
 || deföed 
__USE_GNU


287 
	sgroup_ªq


290 
uöt32_t
 
	mgr_öãrÁ˚
;

293 
sockaddr_°‹age
 
	mgr_group
;

296 
	sgroup_sour˚_ªq


299 
uöt32_t
 
	mg§_öãrÁ˚
;

302 
sockaddr_°‹age
 
	mg§_group
;

305 
sockaddr_°‹age
 
	mg§_sour˚
;

310 
	sù_msfûãr


313 
ö_addr
 
	mimsf_mu…üddr
;

316 
ö_addr
 
	mimsf_öãrÁ˚
;

319 
uöt32_t
 
	mimsf_fmode
;

322 
uöt32_t
 
	mimsf_num§c
;

324 
ö_addr
 
	mimsf_¶i°
[1];

327 
	#IP_MSFILTER_SIZE
(
num§c
Ë( (
ù_msfûãr
) \

328 -  (
ö_addr
) \

329 + (
num§c
Ë*  (
ö_addr
))

	)

331 
	sgroup_fûãr


334 
uöt32_t
 
	mgf_öãrÁ˚
;

337 
sockaddr_°‹age
 
	mgf_group
;

340 
uöt32_t
 
	mgf_fmode
;

343 
uöt32_t
 
	mgf_num§c
;

345 
sockaddr_°‹age
 
	mgf_¶i°
[1];

348 
	#GROUP_FILTER_SIZE
(
num§c
Ë( (
group_fûãr
) \

349 -  (
sockaddr_°‹age
) \

350 + ((
num§c
) \

351 *  (
sockaddr_°‹age
)))

	)

356 
	~<bôs/ö.h
>

365 
uöt32_t
 
	$¡ohl
 (
uöt32_t
 
__√é⁄g
Ë
__THROW
 
	`__©åibuã__
 ((
__c⁄°__
));

366 
uöt16_t
 
	$¡ohs
 (
uöt16_t
 
__√tsh‹t
)

367 
__THROW
 
	`__©åibuã__
 ((
__c⁄°__
));

368 
uöt32_t
 
	$ht⁄l
 (
uöt32_t
 
__ho°l⁄g
)

369 
__THROW
 
	`__©åibuã__
 ((
__c⁄°__
));

370 
uöt16_t
 
	$ht⁄s
 (
uöt16_t
 
__ho°sh‹t
)

371 
__THROW
 
	`__©åibuã__
 ((
__c⁄°__
));

373 
	~<ídün.h
>

376 
	~<bôs/byãsw≠.h
>

378 #ifde‡
__OPTIMIZE__


382 #i‡
__BYTE_ORDER
 =
__BIG_ENDIAN


385 
	#¡ohl
(
x
Ë(x)

	)

386 
	#¡ohs
(
x
Ë(x)

	)

387 
	#ht⁄l
(
x
Ë(x)

	)

388 
	#ht⁄s
(
x
Ë(x)

	)

390 #i‡
__BYTE_ORDER
 =
__LITTLE_ENDIAN


391 
	#¡ohl
(
x
Ë
	`__bsw≠_32
 (x)

	)

392 
	#¡ohs
(
x
Ë
	`__bsw≠_16
 (x)

	)

393 
	#ht⁄l
(
x
Ë
	`__bsw≠_32
 (x)

	)

394 
	#ht⁄s
(
x
Ë
	`__bsw≠_16
 (x)

	)

399 
	#IN6_IS_ADDR_UNSPECIFIED
(
a
) \

400 (((
__c⁄°
 
uöt32_t
 *Ë(
a
))[0] == 0 \

401 && ((
__c⁄°
 
uöt32_t
 *Ë(
a
))[1] == 0 \

402 && ((
__c⁄°
 
uöt32_t
 *Ë(
a
))[2] == 0 \

403 && ((
__c⁄°
 
uöt32_t
 *Ë(
a
))[3] =0)

	)

405 
	#IN6_IS_ADDR_LOOPBACK
(
a
) \

406 (((
__c⁄°
 
uöt32_t
 *Ë(
a
))[0] == 0 \

407 && ((
__c⁄°
 
uöt32_t
 *Ë(
a
))[1] == 0 \

408 && ((
__c⁄°
 
uöt32_t
 *Ë(
a
))[2] == 0 \

409 && ((
__c⁄°
 
uöt32_t
 *Ë(
a
))[3] =
	`ht⁄l
 (1))

	)

411 
	#IN6_IS_ADDR_MULTICAST
(
a
Ë(((
__c⁄°
 
uöt8_t
 *Ë◊))[0] =0xff)

	)

413 
	#IN6_IS_ADDR_LINKLOCAL
(
a
) \

414 ((((
__c⁄°
 
uöt32_t
 *Ë(
a
))[0] & 
	`ht⁄l
 (0xffc00000)) \

415 =
	`ht⁄l
 (0x„800000))

	)

417 
	#IN6_IS_ADDR_SITELOCAL
(
a
) \

418 ((((
__c⁄°
 
uöt32_t
 *Ë(
a
))[0] & 
	`ht⁄l
 (0xffc00000)) \

419 =
	`ht⁄l
 (0x„c00000))

	)

421 
	#IN6_IS_ADDR_V4MAPPED
(
a
) \

422 ((((
__c⁄°
 
uöt32_t
 *Ë(
a
))[0] == 0) \

423 && (((
__c⁄°
 
uöt32_t
 *Ë(
a
))[1] == 0) \

424 && (((
__c⁄°
 
uöt32_t
 *Ë(
a
))[2] =
	`ht⁄l
 (0xffff)))

	)

426 
	#IN6_IS_ADDR_V4COMPAT
(
a
) \

427 ((((
__c⁄°
 
uöt32_t
 *Ë(
a
))[0] == 0) \

428 && (((
__c⁄°
 
uöt32_t
 *Ë(
a
))[1] == 0) \

429 && (((
__c⁄°
 
uöt32_t
 *Ë(
a
))[2] == 0) \

430 && (
	`¡ohl
 (((
__c⁄°
 
uöt32_t
 *Ë(
a
))[3]Ë> 1))

	)

432 
	#IN6_ARE_ADDR_EQUAL
(
a
,
b
) \

433 ((((
__c⁄°
 
uöt32_t
 *Ë(
a
))[0] =((__c⁄° uöt32_à*Ë(
b
))[0]) \

434 && (((
__c⁄°
 
uöt32_t
 *Ë(
a
))[1] =((__c⁄° uöt32_à*Ë(
b
))[1]) \

435 && (((
__c⁄°
 
uöt32_t
 *Ë(
a
))[2] =((__c⁄° uöt32_à*Ë(
b
))[2]) \

436 && (((
__c⁄°
 
uöt32_t
 *Ë(
a
))[3] =((__c⁄° uöt32_à*Ë(
b
))[3]))

	)

438 #i‡
deföed
 
__USE_MISC
 || deföed 
__USE_GNU


440 
	$bödªsvp‹t
 (
__sockfd
, 
sockaddr_ö
 *
__sock_ö
Ë
__THROW
;

443 
	$bödªsvp‹t6
 (
__sockfd
, 
sockaddr_ö6
 *
__sock_ö
)

444 
__THROW
;

448 
	#IN6_IS_ADDR_MC_NODELOCAL
(
a
) \

449 (
	`IN6_IS_ADDR_MULTICAST
(
a
) \

450 && ((((
__c⁄°
 
uöt8_t
 *Ë(
a
))[1] & 0xfË=0x1))

	)

452 
	#IN6_IS_ADDR_MC_LINKLOCAL
(
a
) \

453 (
	`IN6_IS_ADDR_MULTICAST
(
a
) \

454 && ((((
__c⁄°
 
uöt8_t
 *Ë(
a
))[1] & 0xfË=0x2))

	)

456 
	#IN6_IS_ADDR_MC_SITELOCAL
(
a
) \

457 (
	`IN6_IS_ADDR_MULTICAST
(
a
) \

458 && ((((
__c⁄°
 
uöt8_t
 *Ë(
a
))[1] & 0xfË=0x5))

	)

460 
	#IN6_IS_ADDR_MC_ORGLOCAL
(
a
) \

461 (
	`IN6_IS_ADDR_MULTICAST
(
a
) \

462 && ((((
__c⁄°
 
uöt8_t
 *Ë(
a
))[1] & 0xfË=0x8))

	)

464 
	#IN6_IS_ADDR_MC_GLOBAL
(
a
) \

465 (
	`IN6_IS_ADDR_MULTICAST
(
a
) \

466 && ((((
__c⁄°
 
uöt8_t
 *Ë(
a
))[1] & 0xfË=0xe))

	)

469 #ifde‡
__USE_GNU


471 
	sö6_pktöfo


473 
ö6_addr
 
ùi6_addr
;

474 
ùi6_ifödex
;

478 
	sù6_mtuöfo


480 
sockaddr_ö6
 
ù6m_addr
;

481 
uöt32_t
 
ù6m_mtu
;

486 
	$öë6_›ti⁄_•a˚
 (
__nbyãs
)

487 
__THROW
 
__©åibuã_dïªˇãd__
;

488 
	$öë6_›ti⁄_öô
 (*
__bp
, 
cmsghdr
 **
__cmsgp
,

489 
__ty≥
Ë
__THROW
 
__©åibuã_dïªˇãd__
;

490 
	$öë6_›ti⁄_≠≥nd
 (
cmsghdr
 *
__cmsg
,

491 
__c⁄°
 
uöt8_t
 *
__ty≥p
, 
__mu…x
,

492 
__∂usy
Ë
__THROW
 
__©åibuã_dïªˇãd__
;

493 
uöt8_t
 *
	$öë6_›ti⁄_Æloc
 (
cmsghdr
 *
__cmsg
, 
__d©Æí
,

494 
__mu…x
, 
__∂usy
)

495 
__THROW
 
__©åibuã_dïªˇãd__
;

496 
	$öë6_›ti⁄_√xt
 (
__c⁄°
 
cmsghdr
 *
__cmsg
,

497 
uöt8_t
 **
__çåp
)

498 
__THROW
 
__©åibuã_dïªˇãd__
;

499 
	$öë6_›ti⁄_föd
 (
__c⁄°
 
cmsghdr
 *
__cmsg
,

500 
uöt8_t
 **
__çåp
, 
__ty≥
)

501 
__THROW
 
__©åibuã_dïªˇãd__
;

505 
	$öë6_›t_öô
 (*
__extbuf
, 
sockÀn_t
 
__exéí
Ë
__THROW
;

506 
	$öë6_›t_≠≥nd
 (*
__extbuf
, 
sockÀn_t
 
__exéí
, 
__off£t
,

507 
uöt8_t
 
__ty≥
, 
sockÀn_t
 
__Àn
, uöt8_à
__Æign
,

508 **
__d©abuÂ
Ë
__THROW
;

509 
	$öë6_›t_föish
 (*
__extbuf
, 
sockÀn_t
 
__exéí
, 
__off£t
)

510 
__THROW
;

511 
	$öë6_›t_£t_vÆ
 (*
__d©abuf
, 
__off£t
, *
__vÆ
,

512 
sockÀn_t
 
__vÆÀn
Ë
__THROW
;

513 
	$öë6_›t_√xt
 (*
__extbuf
, 
sockÀn_t
 
__exéí
, 
__off£t
,

514 
uöt8_t
 *
__ty≥p
, 
sockÀn_t
 *
__À≈
,

515 **
__d©abuÂ
Ë
__THROW
;

516 
	$öë6_›t_föd
 (*
__extbuf
, 
sockÀn_t
 
__exéí
, 
__off£t
,

517 
uöt8_t
 
__ty≥
, 
sockÀn_t
 *
__À≈
,

518 **
__d©abuÂ
Ë
__THROW
;

519 
	$öë6_›t_gë_vÆ
 (*
__d©abuf
, 
__off£t
, *
__vÆ
,

520 
sockÀn_t
 
__vÆÀn
Ë
__THROW
;

524 
sockÀn_t
 
	$öë6_πh_•a˚
 (
__ty≥
, 
__£gmíts
Ë
__THROW
;

525 *
	$öë6_πh_öô
 (*
__bp
, 
sockÀn_t
 
__bp_Àn
, 
__ty≥
,

526 
__£gmíts
Ë
__THROW
;

527 
	$öë6_πh_add
 (*
__bp
, 
__c⁄°
 
ö6_addr
 *
__addr
Ë
__THROW
;

528 
	$öë6_πh_ªvî£
 (
__c⁄°
 *
__ö
, *
__out
Ë
__THROW
;

529 
	$öë6_πh_£gmíts
 (
__c⁄°
 *
__bp
Ë
__THROW
;

530 
ö6_addr
 *
	$öë6_πh_gëaddr
 (
__c⁄°
 *
__bp
, 
__ödex
)

531 
__THROW
;

537 
	$gëùv4sour˚fûãr
 (
__s
, 
ö_addr
 
__öãrÁ˚_addr
,

538 
ö_addr
 
__group
, 
uöt32_t
 *
__fmode
,

539 
uöt32_t
 *
__num§c
, 
ö_addr
 *
__¶i°
)

540 
__THROW
;

543 
	$£tùv4sour˚fûãr
 (
__s
, 
ö_addr
 
__öãrÁ˚_addr
,

544 
ö_addr
 
__group
, 
uöt32_t
 
__fmode
,

545 
uöt32_t
 
__num§c
,

546 
__c⁄°
 
ö_addr
 *
__¶i°
)

547 
__THROW
;

551 
	$gësour˚fûãr
 (
__s
, 
uöt32_t
 
__öãrÁ˚_addr
,

552 
__c⁄°
 
sockaddr
 *
__group
,

553 
sockÀn_t
 
__grou∂í
, 
uöt32_t
 *
__fmode
,

554 
uöt32_t
 *
__num§c
,

555 
sockaddr_°‹age
 *
__¶i°
Ë
__THROW
;

558 
	$£tsour˚fûãr
 (
__s
, 
uöt32_t
 
__öãrÁ˚_addr
,

559 
__c⁄°
 
sockaddr
 *
__group
,

560 
sockÀn_t
 
__grou∂í
, 
uöt32_t
 
__fmode
,

561 
uöt32_t
 
__num§c
,

562 
__c⁄°
 
sockaddr_°‹age
 *
__¶i°
Ë
__THROW
;

565 
__END_DECLS


	@/usr/include/endian.h

19 #i‚def 
_ENDIAN_H


20 
	#_ENDIAN_H
 1

	)

22 
	~<„©uªs.h
>

32 
	#__LITTLE_ENDIAN
 1234

	)

33 
	#__BIG_ENDIAN
 4321

	)

34 
	#__PDP_ENDIAN
 3412

	)

37 
	~<bôs/ídün.h
>

41 #i‚de‡
__FLOAT_WORD_ORDER


42 
	#__FLOAT_WORD_ORDER
 
__BYTE_ORDER


	)

45 #ifdef 
__USE_BSD


46 
	#LITTLE_ENDIAN
 
__LITTLE_ENDIAN


	)

47 
	#BIG_ENDIAN
 
__BIG_ENDIAN


	)

48 
	#PDP_ENDIAN
 
__PDP_ENDIAN


	)

49 
	#BYTE_ORDER
 
__BYTE_ORDER


	)

52 #i‡
__BYTE_ORDER
 =
__LITTLE_ENDIAN


53 
	#__LONG_LONG_PAIR
(
HI
, 
LO
ËLO, 
	)
HI

54 #ñi‡
__BYTE_ORDER
 =
__BIG_ENDIAN


55 
	#__LONG_LONG_PAIR
(
HI
, 
LO
ËHI, 
	)
LO

59 #ifde‡
__USE_BSD


61 
	~<bôs/byãsw≠.h
>

63 #i‡
__BYTE_ORDER
 =
__LITTLE_ENDIAN


64 
	#htobe16
(
x
Ë
	`__bsw≠_16
 (x)

	)

65 
	#htﬁe16
(
x
Ë(x)

	)

66 
	#be16toh
(
x
Ë
	`__bsw≠_16
 (x)

	)

67 
	#À16toh
(
x
Ë(x)

	)

69 
	#htobe32
(
x
Ë
	`__bsw≠_32
 (x)

	)

70 
	#htﬁe32
(
x
Ë(x)

	)

71 
	#be32toh
(
x
Ë
	`__bsw≠_32
 (x)

	)

72 
	#À32toh
(
x
Ë(x)

	)

74 
	#htobe64
(
x
Ë
	`__bsw≠_64
 (x)

	)

75 
	#htﬁe64
(
x
Ë(x)

	)

76 
	#be64toh
(
x
Ë
	`__bsw≠_64
 (x)

	)

77 
	#À64toh
(
x
Ë(x)

	)

79 
	#htobe16
(
x
Ë(x)

	)

80 
	#htﬁe16
(
x
Ë
	`__bsw≠_16
 (x)

	)

81 
	#be16toh
(
x
Ë(x)

	)

82 
	#À16toh
(
x
Ë
	`__bsw≠_16
 (x)

	)

84 
	#htobe32
(
x
Ë(x)

	)

85 
	#htﬁe32
(
x
Ë
	`__bsw≠_32
 (x)

	)

86 
	#be32toh
(
x
Ë(x)

	)

87 
	#À32toh
(
x
Ë
	`__bsw≠_32
 (x)

	)

89 
	#htobe64
(
x
Ë(x)

	)

90 
	#htﬁe64
(
x
Ë
	`__bsw≠_64
 (x)

	)

91 
	#be64toh
(
x
Ë(x)

	)

92 
	#À64toh
(
x
Ë
	`__bsw≠_64
 (x)

	)

	@/usr/include/stdint.h

23 #i‚de‡
_STDINT_H


24 
	#_STDINT_H
 1

	)

26 
	~<„©uªs.h
>

27 
	~<bôs/wch¨.h
>

28 
	~<bôs/w‹dsize.h
>

35 #i‚de‡
__öt8_t_deföed


36 
	#__öt8_t_deföed


	)

37 sig√d 
	töt8_t
;

38 
	töt16_t
;

39 
	töt32_t
;

40 #i‡
__WORDSIZE
 == 64

41 
	töt64_t
;

43 
__exãnsi⁄__


44 
	töt64_t
;

49 
	tuöt8_t
;

50 
	tuöt16_t
;

51 #i‚de‡
__uöt32_t_deföed


52 
	tuöt32_t
;

53 
	#__uöt32_t_deföed


	)

55 #i‡
__WORDSIZE
 == 64

56 
	tuöt64_t
;

58 
__exãnsi⁄__


59 
	tuöt64_t
;

66 sig√d 
	töt_Àa°8_t
;

67 
	töt_Àa°16_t
;

68 
	töt_Àa°32_t
;

69 #i‡
__WORDSIZE
 == 64

70 
	töt_Àa°64_t
;

72 
__exãnsi⁄__


73 
	töt_Àa°64_t
;

77 
	tuöt_Àa°8_t
;

78 
	tuöt_Àa°16_t
;

79 
	tuöt_Àa°32_t
;

80 #i‡
__WORDSIZE
 == 64

81 
	tuöt_Àa°64_t
;

83 
__exãnsi⁄__


84 
	tuöt_Àa°64_t
;

91 sig√d 
	töt_Á°8_t
;

92 #i‡
__WORDSIZE
 == 64

93 
	töt_Á°16_t
;

94 
	töt_Á°32_t
;

95 
	töt_Á°64_t
;

97 
	töt_Á°16_t
;

98 
	töt_Á°32_t
;

99 
__exãnsi⁄__


100 
	töt_Á°64_t
;

104 
	tuöt_Á°8_t
;

105 #i‡
__WORDSIZE
 == 64

106 
	tuöt_Á°16_t
;

107 
	tuöt_Á°32_t
;

108 
	tuöt_Á°64_t
;

110 
	tuöt_Á°16_t
;

111 
	tuöt_Á°32_t
;

112 
__exãnsi⁄__


113 
	tuöt_Á°64_t
;

118 #i‡
__WORDSIZE
 == 64

119 #i‚de‡
__öçå_t_deföed


120 
	töçå_t
;

121 
	#__öçå_t_deföed


	)

123 
	tuöçå_t
;

125 #i‚de‡
__öçå_t_deföed


126 
	töçå_t
;

127 
	#__öçå_t_deföed


	)

129 
	tuöçå_t
;

134 #i‡
__WORDSIZE
 == 64

135 
	tötmax_t
;

136 
	tuötmax_t
;

138 
__exãnsi⁄__


139 
	tötmax_t
;

140 
__exãnsi⁄__


141 
	tuötmax_t
;

147 #i‡!
deföed
 
__˝lu•lus
 || deföed 
__STDC_LIMIT_MACROS


149 #i‡
__WORDSIZE
 == 64

150 
	#__INT64_C
(
c
Ë¯## 
L


	)

151 
	#__UINT64_C
(
c
Ë¯## 
UL


	)

153 
	#__INT64_C
(
c
Ë¯## 
LL


	)

154 
	#__UINT64_C
(
c
Ë¯## 
ULL


	)

160 
	#INT8_MIN
 (-128)

	)

161 
	#INT16_MIN
 (-32767-1)

	)

162 
	#INT32_MIN
 (-2147483647-1)

	)

163 
	#INT64_MIN
 (-
	`__INT64_C
(9223372036854775807)-1)

	)

165 
	#INT8_MAX
 (127)

	)

166 
	#INT16_MAX
 (32767)

	)

167 
	#INT32_MAX
 (2147483647)

	)

168 
	#INT64_MAX
 (
	`__INT64_C
(9223372036854775807))

	)

171 
	#UINT8_MAX
 (255)

	)

172 
	#UINT16_MAX
 (65535)

	)

173 
	#UINT32_MAX
 (4294967295U)

	)

174 
	#UINT64_MAX
 (
	`__UINT64_C
(18446744073709551615))

	)

178 
	#INT_LEAST8_MIN
 (-128)

	)

179 
	#INT_LEAST16_MIN
 (-32767-1)

	)

180 
	#INT_LEAST32_MIN
 (-2147483647-1)

	)

181 
	#INT_LEAST64_MIN
 (-
	`__INT64_C
(9223372036854775807)-1)

	)

183 
	#INT_LEAST8_MAX
 (127)

	)

184 
	#INT_LEAST16_MAX
 (32767)

	)

185 
	#INT_LEAST32_MAX
 (2147483647)

	)

186 
	#INT_LEAST64_MAX
 (
	`__INT64_C
(9223372036854775807))

	)

189 
	#UINT_LEAST8_MAX
 (255)

	)

190 
	#UINT_LEAST16_MAX
 (65535)

	)

191 
	#UINT_LEAST32_MAX
 (4294967295U)

	)

192 
	#UINT_LEAST64_MAX
 (
	`__UINT64_C
(18446744073709551615))

	)

196 
	#INT_FAST8_MIN
 (-128)

	)

197 #i‡
__WORDSIZE
 == 64

198 
	#INT_FAST16_MIN
 (-9223372036854775807L-1)

	)

199 
	#INT_FAST32_MIN
 (-9223372036854775807L-1)

	)

201 
	#INT_FAST16_MIN
 (-2147483647-1)

	)

202 
	#INT_FAST32_MIN
 (-2147483647-1)

	)

204 
	#INT_FAST64_MIN
 (-
	`__INT64_C
(9223372036854775807)-1)

	)

206 
	#INT_FAST8_MAX
 (127)

	)

207 #i‡
__WORDSIZE
 == 64

208 
	#INT_FAST16_MAX
 (9223372036854775807L)

	)

209 
	#INT_FAST32_MAX
 (9223372036854775807L)

	)

211 
	#INT_FAST16_MAX
 (2147483647)

	)

212 
	#INT_FAST32_MAX
 (2147483647)

	)

214 
	#INT_FAST64_MAX
 (
	`__INT64_C
(9223372036854775807))

	)

217 
	#UINT_FAST8_MAX
 (255)

	)

218 #i‡
__WORDSIZE
 == 64

219 
	#UINT_FAST16_MAX
 (18446744073709551615UL)

	)

220 
	#UINT_FAST32_MAX
 (18446744073709551615UL)

	)

222 
	#UINT_FAST16_MAX
 (4294967295U)

	)

223 
	#UINT_FAST32_MAX
 (4294967295U)

	)

225 
	#UINT_FAST64_MAX
 (
	`__UINT64_C
(18446744073709551615))

	)

229 #i‡
__WORDSIZE
 == 64

230 
	#INTPTR_MIN
 (-9223372036854775807L-1)

	)

231 
	#INTPTR_MAX
 (9223372036854775807L)

	)

232 
	#UINTPTR_MAX
 (18446744073709551615UL)

	)

234 
	#INTPTR_MIN
 (-2147483647-1)

	)

235 
	#INTPTR_MAX
 (2147483647)

	)

236 
	#UINTPTR_MAX
 (4294967295U)

	)

241 
	#INTMAX_MIN
 (-
	`__INT64_C
(9223372036854775807)-1)

	)

243 
	#INTMAX_MAX
 (
	`__INT64_C
(9223372036854775807))

	)

246 
	#UINTMAX_MAX
 (
	`__UINT64_C
(18446744073709551615))

	)

252 #i‡
__WORDSIZE
 == 64

253 
	#PTRDIFF_MIN
 (-9223372036854775807L-1)

	)

254 
	#PTRDIFF_MAX
 (9223372036854775807L)

	)

256 
	#PTRDIFF_MIN
 (-2147483647-1)

	)

257 
	#PTRDIFF_MAX
 (2147483647)

	)

261 
	#SIG_ATOMIC_MIN
 (-2147483647-1)

	)

262 
	#SIG_ATOMIC_MAX
 (2147483647)

	)

265 #i‡
__WORDSIZE
 == 64

266 
	#SIZE_MAX
 (18446744073709551615UL)

	)

268 
	#SIZE_MAX
 (4294967295U)

	)

272 #i‚de‡
WCHAR_MIN


274 
	#WCHAR_MIN
 
__WCHAR_MIN


	)

275 
	#WCHAR_MAX
 
__WCHAR_MAX


	)

279 
	#WINT_MIN
 (0u)

	)

280 
	#WINT_MAX
 (4294967295u)

	)

287 #i‡!
deföed
 
__˝lu•lus
 || deföed 
__STDC_CONSTANT_MACROS


290 
	#INT8_C
(
c
Ë
	)
c

291 
	#INT16_C
(
c
Ë
	)
c

292 
	#INT32_C
(
c
Ë
	)
c

293 #i‡
__WORDSIZE
 == 64

294 
	#INT64_C
(
c
Ë¯## 
L


	)

296 
	#INT64_C
(
c
Ë¯## 
LL


	)

300 
	#UINT8_C
(
c
Ë
	)
c

301 
	#UINT16_C
(
c
Ë
	)
c

302 
	#UINT32_C
(
c
Ë¯## 
U


	)

303 #i‡
__WORDSIZE
 == 64

304 
	#UINT64_C
(
c
Ë¯## 
UL


	)

306 
	#UINT64_C
(
c
Ë¯## 
ULL


	)

310 #i‡
__WORDSIZE
 == 64

311 
	#INTMAX_C
(
c
Ë¯## 
L


	)

312 
	#UINTMAX_C
(
c
Ë¯## 
UL


	)

314 
	#INTMAX_C
(
c
Ë¯## 
LL


	)

315 
	#UINTMAX_C
(
c
Ë¯## 
ULL


	)

	@
1
.
1
/usr/include
8
170
request_tests.c
test_runner.c
../include/request.h
/usr/include/arpa/inet.h
/usr/include/features.h
/usr/include/netinet/in.h
/usr/include/endian.h
/usr/include/stdint.h
